{
  "_content": {
    "Attributes": {
      "children": [],
      "title": null
    },
    "Extended Summary": {
      "children": [],
      "title": null
    },
    "Methods": {
      "children": [],
      "title": null
    },
    "Notes": {
      "children": [],
      "title": null
    },
    "Other Parameters": {
      "children": [],
      "title": null
    },
    "Parameters": {
      "children": [],
      "title": null
    },
    "Raises": {
      "children": [],
      "title": null
    },
    "Receives": {
      "children": [],
      "title": null
    },
    "Returns": {
      "children": [
        {
          "type": "Param",
          "data": {
            "param": "",
            "type_": "DatetimeIndex",
            "desc": []
          }
        }
      ],
      "title": null
    },
    "Summary": {
      "children": [
        {
          "type": "Paragraph",
          "data": {
            "inline": [
              {
                "type": "Words",
                "data": {
                  "value": "Snap time stamps to nearest occurring frequency."
                }
              }
            ],
            "inner": []
          }
        }
      ],
      "title": null
    },
    "Warnings": {
      "children": [],
      "title": null
    },
    "Warns": {
      "children": [],
      "title": null
    },
    "Yields": {
      "children": [],
      "title": null
    }
  },
  "refs": [],
  "ordered_sections": [
    "Summary",
    "Returns"
  ],
  "item_file": "/pandas/core/indexes/datetimes.py",
  "item_line": 530,
  "item_type": "<class 'function'>",
  "aliases": [
    "pandas.DatetimeIndex.snap"
  ],
  "example_section_data": {
    "children": [],
    "title": null
  },
  "see_also": [],
  "version": "1.4.0",
  "signature": "snap(self, freq='S') -> 'DatetimeIndex'",
  "references": null,
  "logo": "logo.png",
  "qa": "pandas.core.indexes.datetimes.DatetimeIndex.snap",
  "arbitrary": []
}